// Jest Snapshot v1, https://goo.gl/fbAQLP

exports[`StudentCourseDetailsPageComponent should snap with default fields 1`] = `
<tm-student-course-details-page
  Gender={[Function Object]}
  backendUrl={[Function String]}
  httpRequestService={[Function HttpRequestService]}
  route={[Function ActivatedRoute]}
  statusMessageService={[Function StatusMessageService]}
  user="undefined"
>
  
</tm-student-course-details-page>
`;

exports[`StudentCourseDetailsPageComponent should snap with populated fields 1`] = `
<tm-student-course-details-page
  Gender={[Function Object]}
  backendUrl={[Function String]}
  course={[Function Object]}
  httpRequestService={[Function HttpRequestService]}
  instructorDetails={[Function Array]}
  route={[Function ActivatedRoute]}
  statusMessageService={[Function StatusMessageService]}
  student={[Function Object]}
  teammateProfiles={[Function Array]}
  user="undefined"
>
  <h1
    class="page-title"
  >
     Thematic Systems
  </h1><div
    class="section"
  >
    <div
      class="col-sm-12"
    >
      <h4
        class="font-weight-bold"
      >
        Course
      </h4>
    </div>
    <div
      class="card border-primary"
    >
      <div
        class="card-body fill-plain"
      >
        <div
          class="form form-horizontal"
        >
          <div
            class="form-group row"
          >
            <div
              class="col-4 text-right"
            >
              <label>
                Name
              </label>
            </div>
            <div
              class="col-8"
            >
              <span>
                Thematic Systems
              </span>
            </div>
          </div>
          <div
            class="form-group row"
          >
            <div
              class="col-4 text-right"
            >
              <label>
                ID
              </label>
            </div>
            <div
              class="col-8"
            >
              <span>
                CS3281
              </span>
            </div>
          </div>
          <div
            class="form-group row"
          >
            <div
              class="col-4 text-right"
            >
              <label>
                Timezone
              </label>
            </div>
            <div
              class="col-8"
            >
              <span>
                Asia/Singapore
              </span>
            </div>
          </div>
          <div
            class="form-group row"
          >
            <div
              class="col-4 text-right"
            >
              <label>
                Created at
              </label>
            </div>
            <div
              class="col-8"
            >
              <span>
                2019-03-12T09:13:29.272Z
              </span>
            </div>
          </div>
        </div>
      </div>
    </div>
  </div><div
    class="section"
  >
    <div
      class="col-sm-12"
    >
      <h4
        class="font-weight-bold"
      >
        Instructors
      </h4>
    </div>
    <div
      class="row"
    >
      <div
        class="col-12"
      >
        <div
          class="row"
        >
          <div
            class="col-12"
          >
            <table
              class="table table-striped"
            >
              <thead>
                <tr>
                  <th
                    class="font-weight-bold"
                  >
                    Name
                  </th>
                  <th
                    class="font-weight-bold"
                  >
                    Email
                  </th>
                </tr>
              </thead>
              <tbody>
                
                <tr>
                  <td>
                    Ayush
                  </td>
                  <td>
                    ayush@ayush.com
                  </td>
                </tr>
                <tr>
                  <td>
                    Byush
                  </td>
                  <td>
                    byush@byush.com
                  </td>
                </tr>
              </tbody>
            </table>
          </div>
        </div>
      </div>
    </div>
  </div><div
    class="section"
  >
    <div
      class="col-sm-12"
    >
      <h4
        class="font-weight-bold"
      >
        Self
      </h4>
    </div>
    <div
      class="card border-primary"
    >
      <div
        class="card-body fill-plain"
      >
        <div
          class="form form-horizontal"
        >
          <div
            class="form-group row"
          >
            <div
              class="col-4 text-right"
            >
              <label>
                Name
              </label>
            </div>
            <div
              class="col-8"
            >
              <span>
                Cyush
              </span>
            </div>
          </div>
          
          <div
            class="form-group row"
          >
            <div
              class="col-4 text-right"
            >
              <label>
                Section
              </label>
            </div>
            <div
              class="col-8"
            >
              <span>
                Section 1
              </span>
            </div>
          </div>
          <div
            class="form-group row"
          >
            <div
              class="col-4 text-right"
            >
              <label>
                Team
              </label>
            </div>
            <div
              class="col-8"
            >
              <span>
                CSquad
              </span>
            </div>
          </div>
          <div
            class="form-group row"
          >
            <div
              class="col-4 text-right"
            >
              <label>
                Email
              </label>
            </div>
            <div
              class="col-8"
            >
              <span>
                cyush@cyush.com
              </span>
            </div>
          </div>
          <div
            class="form-group row"
          >
            <div
              class="col-4 text-right"
            >
              <label>
                Google ID
              </label>
            </div>
            <div
              class="col-8"
            >
              <span>
                cyush@gmail.com
              </span>
            </div>
          </div>
        </div>
      </div>
    </div>
  </div><div
    class="section"
  >
    <div
      class="col-sm-12"
    >
      <h4
        class="font-weight-bold"
      >
        Teammates
      </h4>
    </div>
    
    <div
      class="row"
    >
      <div
        class="col-12"
      >
        <div
          class="row"
        >
          <div
            class="col-md-2 col-3"
          >
            <img
              class="profile-pic float-left"
              src="http://localhost:8080/webapi/students/profilePic?blob-key=something.jpg"
            />
          </div>
          <div
            class="col-md-10 col-sm-9 col-8"
          >
            <table
              class="table table-striped"
            >
              <tbody>
                <tr>
                  <td
                    class="font-weight-bold"
                  >
                    Name
                  </td>
                  <td>
                    <span>
                      ash
                    </span>
                  </td>
                </tr>
                <tr>
                  <td
                    class="font-weight-bold"
                  >
                    Email
                  </td>
                  <td>
                    <span>
                      ash@ash.com
                    </span>
                  </td>
                </tr>
                <tr>
                  <td
                    class="font-weight-bold"
                  >
                    Gender
                  </td>
                  <td>
                    
                    <span>
                      MALE
                    </span>
                  </td>
                </tr>
                <tr>
                  <td
                    class="font-weight-bold"
                  >
                    Institution
                  </td>
                  <td>
                    
                    <span>
                      NUS
                    </span>
                  </td>
                </tr>
                <tr>
                  <td
                    class="font-weight-bold"
                  >
                    Nationality
                  </td>
                  <td>
                    
                    <span>
                      Indian
                    </span>
                  </td>
                </tr>
              </tbody>
            </table>
          </div>
        </div>
      </div>
    </div>
    <div
      class="row"
    >
      <div
        class="col-12"
      >
        <div
          class="row"
        >
          <div
            class="col-md-2 col-3"
          >
            <img
              class="profile-pic float-left"
              src="http://localhost:8080/webapi/students/profilePic?blob-key=something2.jpg"
            />
          </div>
          <div
            class="col-md-10 col-sm-9 col-8"
          >
            <table
              class="table table-striped"
            >
              <tbody>
                <tr>
                  <td
                    class="font-weight-bold"
                  >
                    Name
                  </td>
                  <td>
                    <span>
                      bsh
                    </span>
                  </td>
                </tr>
                <tr>
                  <td
                    class="font-weight-bold"
                  >
                    Email
                  </td>
                  <td>
                    <span>
                      bsh@bsh.com
                    </span>
                  </td>
                </tr>
                <tr>
                  <td
                    class="font-weight-bold"
                  >
                    Gender
                  </td>
                  <td>
                    
                  </td>
                </tr>
                <tr>
                  <td
                    class="font-weight-bold"
                  >
                    Institution
                  </td>
                  <td>
                    
                  </td>
                </tr>
                <tr>
                  <td
                    class="font-weight-bold"
                  >
                    Nationality
                  </td>
                  <td>
                    
                  </td>
                </tr>
              </tbody>
            </table>
          </div>
        </div>
      </div>
    </div>
  </div>
</tm-student-course-details-page>
`;
