// Jest Snapshot v1, https://goo.gl/fbAQLP

exports[`LogsPageComponent should snap when page is still loading 1`] = `
<tm-logs-page
  LOGS_RETENTION_PERIOD_IN_DAYS={[Function Number]}
  LOGS_RETENTION_PERIOD_IN_MILLISECONDS={[Function Number]}
  SEVERITIES={[Function Array]}
  dateToday={[Function Object]}
  earliestSearchDate={[Function Object]}
  formModel={[Function Object]}
  hasResult="false"
  isLoading={[Function Boolean]}
  isSearching="false"
  logService={[Function LogService]}
  nextPageToken=""
  previousQueryParams={[Function Object]}
  searchResults={[Function Array]}
  statusMessageService={[Function StatusMessageService]}
  timezoneService={[Function TimezoneService]}
>
  <h1>
    Logs
  </h1><p>
    This page allows you to view the logs in the past 30 days.
  </p><hr /><tm-loading-spinner>
    <div
      class="loading-container"
    >
      <div
        class="row spinner-border text-primary"
        role="status"
      />
      <div
        class="row text-secondary"
      >
        Loading...
      </div>
    </div>
  </tm-loading-spinner><div>
    
    
    <div
      class="center"
    >
      
    </div>
  </div>
</tm-logs-page>
`;

exports[`LogsPageComponent should snap when searching for details in search form 1`] = `
<tm-logs-page
  LOGS_RETENTION_PERIOD_IN_DAYS={[Function Number]}
  LOGS_RETENTION_PERIOD_IN_MILLISECONDS={[Function Number]}
  SEVERITIES={[Function Array]}
  dateToday={[Function Object]}
  earliestSearchDate={[Function Object]}
  formModel={[Function Object]}
  hasResult="false"
  isLoading="false"
  isSearching={[Function Boolean]}
  logService={[Function LogService]}
  nextPageToken=""
  previousQueryParams={[Function Object]}
  searchResults={[Function Array]}
  statusMessageService={[Function StatusMessageService]}
  timezoneService={[Function TimezoneService]}
>
  <h1>
    Logs
  </h1><p>
    This page allows you to view the logs in the past 30 days.
  </p><hr /><div
    class="card bg-form no-border"
  >
    <div
      class="card-body"
    >
      <div
        class="row form-group"
      >
        <div
          class="col-6"
        >
          <div
            class="col-12 mb-1"
          >
            <label
              class="font-weight-bold"
              for="logs-from-datepicker"
            >
              Search period from
            </label>
          </div>
          <div
            class="input-group"
          >
            <div
              class="col-md-6 input-group"
            >
              <input
                class="form-control ng-untouched ng-pristine ng-valid"
                id="logs-from-datepicker"
                ngbdatepicker=""
                type="text"
              />
              <button
                class="btn btn-light"
                type="button"
              >
                <i
                  class="fas fa-calendar-alt"
                />
              </button>
            </div>
            <div
              class="col-md-3"
              id="logs-from-timepicker"
            >
              <tm-time-picker>
                <select
                  class="form-control ng-untouched ng-pristine ng-valid"
                >
                  
                  <option
                    value="1: Object"
                  >
                     01:00H 
                  </option>
                  <option
                    value="2: Object"
                  >
                     02:00H 
                  </option>
                  <option
                    value="3: Object"
                  >
                     03:00H 
                  </option>
                  <option
                    value="4: Object"
                  >
                     04:00H 
                  </option>
                  <option
                    value="5: Object"
                  >
                     05:00H 
                  </option>
                  <option
                    value="6: Object"
                  >
                     06:00H 
                  </option>
                  <option
                    value="7: Object"
                  >
                     07:00H 
                  </option>
                  <option
                    value="8: Object"
                  >
                     08:00H 
                  </option>
                  <option
                    value="9: Object"
                  >
                     09:00H 
                  </option>
                  <option
                    value="10: Object"
                  >
                     10:00H 
                  </option>
                  <option
                    value="11: Object"
                  >
                     11:00H 
                  </option>
                  <option
                    value="12: Object"
                  >
                     12:00H 
                  </option>
                  <option
                    value="13: Object"
                  >
                     13:00H 
                  </option>
                  <option
                    value="14: Object"
                  >
                     14:00H 
                  </option>
                  <option
                    value="15: Object"
                  >
                     15:00H 
                  </option>
                  <option
                    value="16: Object"
                  >
                     16:00H 
                  </option>
                  <option
                    value="17: Object"
                  >
                     17:00H 
                  </option>
                  <option
                    value="18: Object"
                  >
                     18:00H 
                  </option>
                  <option
                    value="19: Object"
                  >
                     19:00H 
                  </option>
                  <option
                    value="20: Object"
                  >
                     20:00H 
                  </option>
                  <option
                    value="21: Object"
                  >
                     21:00H 
                  </option>
                  <option
                    value="22: Object"
                  >
                     22:00H 
                  </option>
                  <option
                    value="23: Object"
                  >
                     23:00H 
                  </option>
                  <option
                    value="0: Object"
                  >
                    23:59H
                  </option>
                  
                </select>
              </tm-time-picker>
            </div>
          </div>
        </div>
        <div
          class="col-4"
        >
          <div
            class="col-12"
          >
            <label
              class="font-weight-bold"
              for="log-severity-checkbox"
            >
              Log severity level
            </label>
          </div>
          
          <div
            class="form-check"
          >
            <label
              class="form-check-label"
              id="log-severity-checkbox"
            >
              <input
                class="form-check-input"
                type="checkbox"
              />
              <span>
                INFO
              </span>
            </label>
          </div>
          <div
            class="form-check"
          >
            <label
              class="form-check-label"
              id="log-severity-checkbox"
            >
              <input
                class="form-check-input"
                type="checkbox"
              />
              <span>
                WARNING
              </span>
            </label>
          </div>
          <div
            class="form-check"
          >
            <label
              class="form-check-label"
              id="log-severity-checkbox"
            >
              <input
                class="form-check-input"
                type="checkbox"
              />
              <span>
                ERROR
              </span>
            </label>
          </div>
        </div>
        <div
          class="col-1 mt-4"
        >
          <button
            class="float-right btn btn-primary"
            id="query-button"
          >
            Query
          </button>
        </div>
      </div>
      <div
        class="row form-group"
      >
        <div
          class="col-6"
        >
          <div
            class="col-12 mb-1"
          >
            <label
              class="font-weight-bold"
              for="logs-to-datepicker"
            >
              Search period until
            </label>
          </div>
          <div
            class="input-group"
          >
            <div
              class="col-md-6 input-group"
            >
              <input
                class="form-control ng-untouched ng-pristine ng-valid"
                id="logs-to-datepicker"
                ngbdatepicker=""
                type="text"
              />
              <button
                class="btn btn-light"
                type="button"
              >
                <i
                  class="fas fa-calendar-alt"
                />
              </button>
            </div>
            <div
              class="col-md-3"
              id="logs-to-timepicker"
            >
              <tm-time-picker>
                <select
                  class="form-control ng-untouched ng-pristine ng-valid"
                >
                  
                  <option
                    value="1: Object"
                  >
                     01:00H 
                  </option>
                  <option
                    value="2: Object"
                  >
                     02:00H 
                  </option>
                  <option
                    value="3: Object"
                  >
                     03:00H 
                  </option>
                  <option
                    value="4: Object"
                  >
                     04:00H 
                  </option>
                  <option
                    value="5: Object"
                  >
                     05:00H 
                  </option>
                  <option
                    value="6: Object"
                  >
                     06:00H 
                  </option>
                  <option
                    value="7: Object"
                  >
                     07:00H 
                  </option>
                  <option
                    value="8: Object"
                  >
                     08:00H 
                  </option>
                  <option
                    value="9: Object"
                  >
                     09:00H 
                  </option>
                  <option
                    value="10: Object"
                  >
                     10:00H 
                  </option>
                  <option
                    value="11: Object"
                  >
                     11:00H 
                  </option>
                  <option
                    value="12: Object"
                  >
                     12:00H 
                  </option>
                  <option
                    value="13: Object"
                  >
                     13:00H 
                  </option>
                  <option
                    value="14: Object"
                  >
                     14:00H 
                  </option>
                  <option
                    value="15: Object"
                  >
                     15:00H 
                  </option>
                  <option
                    value="16: Object"
                  >
                     16:00H 
                  </option>
                  <option
                    value="17: Object"
                  >
                     17:00H 
                  </option>
                  <option
                    value="18: Object"
                  >
                     18:00H 
                  </option>
                  <option
                    value="19: Object"
                  >
                     19:00H 
                  </option>
                  <option
                    value="20: Object"
                  >
                     20:00H 
                  </option>
                  <option
                    value="21: Object"
                  >
                     21:00H 
                  </option>
                  <option
                    value="22: Object"
                  >
                     22:00H 
                  </option>
                  <option
                    value="23: Object"
                  >
                     23:00H 
                  </option>
                  <option
                    value="0: Object"
                  >
                    23:59H
                  </option>
                  
                </select>
              </tm-time-picker>
            </div>
          </div>
        </div>
      </div>
    </div>
  </div><div>
    
    
    <tm-loading-spinner>
      <div
        class="loading-container"
      >
        <div
          class="row spinner-border text-primary"
          role="status"
        />
        <div
          class="row text-secondary"
        >
          Loading...
        </div>
      </div>
    </tm-loading-spinner>
  </div>
</tm-logs-page>
`;

exports[`LogsPageComponent should snap with default fields 1`] = `
<tm-logs-page
  LOGS_RETENTION_PERIOD_IN_DAYS={[Function Number]}
  LOGS_RETENTION_PERIOD_IN_MILLISECONDS={[Function Number]}
  SEVERITIES={[Function Array]}
  dateToday={[Function Object]}
  earliestSearchDate={[Function Object]}
  formModel={[Function Object]}
  hasResult="false"
  isLoading="false"
  isSearching="false"
  logService={[Function LogService]}
  nextPageToken=""
  previousQueryParams={[Function Object]}
  searchResults={[Function Array]}
  statusMessageService={[Function StatusMessageService]}
  timezoneService={[Function TimezoneService]}
>
  <h1>
    Logs
  </h1><p>
    This page allows you to view the logs in the past 30 days.
  </p><hr /><div
    class="card bg-form no-border"
  >
    <div
      class="card-body"
    >
      <div
        class="row form-group"
      >
        <div
          class="col-6"
        >
          <div
            class="col-12 mb-1"
          >
            <label
              class="font-weight-bold"
              for="logs-from-datepicker"
            >
              Search period from
            </label>
          </div>
          <div
            class="input-group"
          >
            <div
              class="col-md-6 input-group"
            >
              <input
                class="form-control ng-untouched ng-pristine ng-valid"
                id="logs-from-datepicker"
                ngbdatepicker=""
                type="text"
              />
              <button
                class="btn btn-light"
                type="button"
              >
                <i
                  class="fas fa-calendar-alt"
                />
              </button>
            </div>
            <div
              class="col-md-3"
              id="logs-from-timepicker"
            >
              <tm-time-picker>
                <select
                  class="form-control ng-untouched ng-pristine ng-valid"
                >
                  
                  <option
                    value="1: Object"
                  >
                     01:00H 
                  </option>
                  <option
                    value="2: Object"
                  >
                     02:00H 
                  </option>
                  <option
                    value="3: Object"
                  >
                     03:00H 
                  </option>
                  <option
                    value="4: Object"
                  >
                     04:00H 
                  </option>
                  <option
                    value="5: Object"
                  >
                     05:00H 
                  </option>
                  <option
                    value="6: Object"
                  >
                     06:00H 
                  </option>
                  <option
                    value="7: Object"
                  >
                     07:00H 
                  </option>
                  <option
                    value="8: Object"
                  >
                     08:00H 
                  </option>
                  <option
                    value="9: Object"
                  >
                     09:00H 
                  </option>
                  <option
                    value="10: Object"
                  >
                     10:00H 
                  </option>
                  <option
                    value="11: Object"
                  >
                     11:00H 
                  </option>
                  <option
                    value="12: Object"
                  >
                     12:00H 
                  </option>
                  <option
                    value="13: Object"
                  >
                     13:00H 
                  </option>
                  <option
                    value="14: Object"
                  >
                     14:00H 
                  </option>
                  <option
                    value="15: Object"
                  >
                     15:00H 
                  </option>
                  <option
                    value="16: Object"
                  >
                     16:00H 
                  </option>
                  <option
                    value="17: Object"
                  >
                     17:00H 
                  </option>
                  <option
                    value="18: Object"
                  >
                     18:00H 
                  </option>
                  <option
                    value="19: Object"
                  >
                     19:00H 
                  </option>
                  <option
                    value="20: Object"
                  >
                     20:00H 
                  </option>
                  <option
                    value="21: Object"
                  >
                     21:00H 
                  </option>
                  <option
                    value="22: Object"
                  >
                     22:00H 
                  </option>
                  <option
                    value="23: Object"
                  >
                     23:00H 
                  </option>
                  <option
                    value="0: Object"
                  >
                    23:59H
                  </option>
                  
                </select>
              </tm-time-picker>
            </div>
          </div>
        </div>
        <div
          class="col-4"
        >
          <div
            class="col-12"
          >
            <label
              class="font-weight-bold"
              for="log-severity-checkbox"
            >
              Log severity level
            </label>
          </div>
          
          <div
            class="form-check"
          >
            <label
              class="form-check-label"
              id="log-severity-checkbox"
            >
              <input
                class="form-check-input"
                type="checkbox"
              />
              <span>
                INFO
              </span>
            </label>
          </div>
          <div
            class="form-check"
          >
            <label
              class="form-check-label"
              id="log-severity-checkbox"
            >
              <input
                class="form-check-input"
                type="checkbox"
              />
              <span>
                WARNING
              </span>
            </label>
          </div>
          <div
            class="form-check"
          >
            <label
              class="form-check-label"
              id="log-severity-checkbox"
            >
              <input
                class="form-check-input"
                type="checkbox"
              />
              <span>
                ERROR
              </span>
            </label>
          </div>
        </div>
        <div
          class="col-1 mt-4"
        >
          <button
            class="float-right btn btn-primary"
            id="query-button"
          >
            Query
          </button>
        </div>
      </div>
      <div
        class="row form-group"
      >
        <div
          class="col-6"
        >
          <div
            class="col-12 mb-1"
          >
            <label
              class="font-weight-bold"
              for="logs-to-datepicker"
            >
              Search period until
            </label>
          </div>
          <div
            class="input-group"
          >
            <div
              class="col-md-6 input-group"
            >
              <input
                class="form-control ng-untouched ng-pristine ng-valid"
                id="logs-to-datepicker"
                ngbdatepicker=""
                type="text"
              />
              <button
                class="btn btn-light"
                type="button"
              >
                <i
                  class="fas fa-calendar-alt"
                />
              </button>
            </div>
            <div
              class="col-md-3"
              id="logs-to-timepicker"
            >
              <tm-time-picker>
                <select
                  class="form-control ng-untouched ng-pristine ng-valid"
                >
                  
                  <option
                    value="1: Object"
                  >
                     01:00H 
                  </option>
                  <option
                    value="2: Object"
                  >
                     02:00H 
                  </option>
                  <option
                    value="3: Object"
                  >
                     03:00H 
                  </option>
                  <option
                    value="4: Object"
                  >
                     04:00H 
                  </option>
                  <option
                    value="5: Object"
                  >
                     05:00H 
                  </option>
                  <option
                    value="6: Object"
                  >
                     06:00H 
                  </option>
                  <option
                    value="7: Object"
                  >
                     07:00H 
                  </option>
                  <option
                    value="8: Object"
                  >
                     08:00H 
                  </option>
                  <option
                    value="9: Object"
                  >
                     09:00H 
                  </option>
                  <option
                    value="10: Object"
                  >
                     10:00H 
                  </option>
                  <option
                    value="11: Object"
                  >
                     11:00H 
                  </option>
                  <option
                    value="12: Object"
                  >
                     12:00H 
                  </option>
                  <option
                    value="13: Object"
                  >
                     13:00H 
                  </option>
                  <option
                    value="14: Object"
                  >
                     14:00H 
                  </option>
                  <option
                    value="15: Object"
                  >
                     15:00H 
                  </option>
                  <option
                    value="16: Object"
                  >
                     16:00H 
                  </option>
                  <option
                    value="17: Object"
                  >
                     17:00H 
                  </option>
                  <option
                    value="18: Object"
                  >
                     18:00H 
                  </option>
                  <option
                    value="19: Object"
                  >
                     19:00H 
                  </option>
                  <option
                    value="20: Object"
                  >
                     20:00H 
                  </option>
                  <option
                    value="21: Object"
                  >
                     21:00H 
                  </option>
                  <option
                    value="22: Object"
                  >
                     22:00H 
                  </option>
                  <option
                    value="23: Object"
                  >
                     23:00H 
                  </option>
                  <option
                    value="0: Object"
                  >
                    23:59H
                  </option>
                  
                </select>
              </tm-time-picker>
            </div>
          </div>
        </div>
      </div>
    </div>
  </div><div>
    
    
    <div
      class="center"
    >
      
    </div>
  </div>
</tm-logs-page>
`;
