// Jest Snapshot v1, https://goo.gl/fbAQLP

exports[`StudentHomePageComponent should snap with blank fields 1`] = `
<tm-student-home-page
  courses={[Function Array]}
  hasEventualConsistencyMsg="false"
  httpRequestService={[Function HttpRequestService]}
  recentlyJoinedCourseId=""
  route={[Function ActivatedRoute]}
  sessionsInfoMap={[Function Map]}
  statusMessageService={[Function StatusMessageService]}
  studentFeedbackSessionStatusAwaiting={[Function String]}
  studentFeedbackSessionStatusClosed={[Function String]}
  studentFeedbackSessionStatusNotPublished={[Function String]}
  studentFeedbackSessionStatusPending={[Function String]}
  studentFeedbackSessionStatusPublished={[Function String]}
  studentFeedbackSessionStatusSubmitted={[Function String]}
  user=""
>
  <div
    class="card bg-light top-padded"
  >
    
    <div
      class="card-header bg-primary text-white"
    >
      <strong>
        []: 
      </strong>
      <span
        class="float-sm-right"
      >
        <a
          class="btn btn-light btn-sm button"
          href="/course?user="
          ng-reflect-ngb-tooltip="View and edit information rega"
          ng-reflect-query-params="[object Object]"
          ng-reflect-router-link="../course"
          ngbtooltip="View and edit information regarding your team"
          routerlink="../course"
        >
           View team 
        </a>
      </span>
    </div>
    <div
      class="table-responsive"
    >
      
      <table
        class="table table-striped table-bordered margin-0"
      >
        <thead>
          <tr>
            <th>
              Session Name
            </th>
            <th>
              Deadline
            </th>
            <th>
              Submissions
            </th>
            <th>
              Responses
            </th>
            <th>
              Action(s)
            </th>
          </tr>
        </thead>
        <tbody>
          
        </tbody>
      </table>
      
    </div>
  </div>
</tm-student-home-page>
`;

exports[`StudentHomePageComponent should snap with null fields 1`] = `
<tm-student-home-page
  courses={[Function Array]}
  hasEventualConsistencyMsg="false"
  httpRequestService={[Function HttpRequestService]}
  recentlyJoinedCourseId=""
  route={[Function ActivatedRoute]}
  sessionsInfoMap={[Function Map]}
  statusMessageService={[Function StatusMessageService]}
  studentFeedbackSessionStatusAwaiting={[Function String]}
  studentFeedbackSessionStatusClosed={[Function String]}
  studentFeedbackSessionStatusNotPublished={[Function String]}
  studentFeedbackSessionStatusPending={[Function String]}
  studentFeedbackSessionStatusPublished={[Function String]}
  studentFeedbackSessionStatusSubmitted={[Function String]}
  user="undefined"
>
  
</tm-student-home-page>
`;

exports[`StudentHomePageComponent should snap with populated fields 1`] = `
<tm-student-home-page
  courses={[Function Array]}
  hasEventualConsistencyMsg="false"
  httpRequestService={[Function HttpRequestService]}
  recentlyJoinedCourseId=""
  route={[Function ActivatedRoute]}
  sessionsInfoMap={[Function Map]}
  statusMessageService={[Function StatusMessageService]}
  studentFeedbackSessionStatusAwaiting={[Function String]}
  studentFeedbackSessionStatusClosed={[Function String]}
  studentFeedbackSessionStatusNotPublished={[Function String]}
  studentFeedbackSessionStatusPending={[Function String]}
  studentFeedbackSessionStatusPublished={[Function String]}
  studentFeedbackSessionStatusSubmitted={[Function String]}
  user={[Function String]}
>
  <div
    class="card bg-light top-padded"
  >
    
    <div
      class="card-header bg-primary text-white"
    >
      <strong>
        [CS2103]: Software Engineering
      </strong>
      <span
        class="float-sm-right"
      >
        <a
          class="btn btn-light btn-sm button"
          href="/course?user=John%20Doe&courseid=CS2103"
          ng-reflect-ngb-tooltip="View and edit information rega"
          ng-reflect-query-params="[object Object]"
          ng-reflect-router-link="../course"
          ngbtooltip="View and edit information regarding your team"
          routerlink="../course"
        >
           View team 
        </a>
      </span>
    </div>
    <div
      class="table-responsive"
    >
      
      <table
        class="table table-striped table-bordered margin-0"
      >
        <thead>
          <tr>
            <th>
              Session Name
            </th>
            <th>
              Deadline
            </th>
            <th>
              Submissions
            </th>
            <th>
              Responses
            </th>
            <th>
              Action(s)
            </th>
          </tr>
        </thead>
        <tbody>
          
        </tbody>
      </table>
      
    </div>
  </div>
</tm-student-home-page>
`;
