// Jest Snapshot v1, https://goo.gl/fbAQLP

exports[`InstructorNotificationsPageComponent should snap with default fields 1`] = `
<tm-instructor-notifications-page
  userType={[Function String]}
>
  <h1>
    Instructor Notifications
  </h1><tm-user-notifications-list>
    <tm-loading-spinner>
      <div
        class="loading-container"
      >
        <div
          class="row spinner-border text-primary"
          role="status"
        />
        <div
          class="row text-secondary"
        >
          Loading...
        </div>
      </div>
    </tm-loading-spinner>
    <tm-loading-retry>
      <tm-loading-spinner>
        <div
          class="loading-container"
        >
          <div
            class="row spinner-border text-primary"
            role="status"
          />
          <div
            class="row text-secondary"
          >
            Loading...
          </div>
        </div>
      </tm-loading-spinner>
    </tm-loading-retry>
  </tm-user-notifications-list>
</tm-instructor-notifications-page>
`;
